
======================================================================
[PHASE C] HYBRID RAG WITH DYNAMIC QUERY ROUTING
======================================================================

[OK] Workflow initialized
  - Config: <rag_workflow.RAGConfig object at 0x0000025C7335C050>
  - Structured DB loaded: True


[QUERIES] Running 5 test queries:


[1/5]
Expected routing: STRUCTURED

======================================================================
[TEST] Testing STRUCTURED (LIST query - should route to structured DB) Query
======================================================================
[QUERY] List all technical decisions made in the project

[OK] Input validation passed for query: List all technical decisions made in the project...
-> Classifying query intent...
[OK] Query classified as: STRUCTURED (Query classification)
-> Expanding query: List all technical decisions made in the project...
[OK] Query expansion completed
-> [STRUCTURED] Retrieving entities for: "Enumerate all technical choices and strategies im...
[FAILED] [STRUCTURED] No items matched the generated filter
[FAILED] [STRUCTURED] No results found (attempt 1)
-> Attempting query refinement (attempt 2)...
  Trying variation: Simplify: List all technical decisions made in the...
Retrieval error: (418)
Reason: Blocked by NetFree
HTTP response headers: HTTPHeaderDict({'Content-Type': 'text/html; charset=utf-8', 'Content-Length': '217'})
HTTP response body: {"blockByNetFree":true,"blockUrl":"//netfree.link/block/#%7B%22block%22%3A%22unknown%22%2C%22page_info%22%3A%7B%22url%22%3A%22https%3A%2F%2Ftask-management-rag-47lzugx.svc.aped-4627-b74a.pinecone.io%2Fquery%22%7D%7D"}

[FAILED] Refinement error: (418)
Reason: Blocked by NetFree
HTTP response headers: HTTPHeaderDict({'Content-Type': 'text/html; charset=utf-8', 'Content-Length': '217'})
HTTP response body: {"blockByNetFree":true,"blockUrl":"//netfree.link/block/#%7B%22block%22%3A%22unknown%22%2C%22page_info%22%3A%7B%22url%22%3A%22https%3A%2F%2Ftask-management-rag-47lzugx.svc.aped-4627-b74a.pinecone.io%2Fquery%22%7D%7D"}

-> Handling error: retrieval_error in RetrievalStep (Refinement)
[FAILED] Error occurred
Error: Unable to search the knowledge base. Please try a simpler query or rephrase your question.
Metadata: {'error_type': 'retrieval_error', 'error_details': '(418)\nReason: Blocked by NetFree\nHTTP response headers: HTTPHeaderDict({\'Content-Type\': \'text/html; charset=utf-8\', \'Content-Length\': \'217\'})\nHTTP response body: {"blockByNetFree":true,"blockUrl":"//netfree.link/block/#%7B%22block%22%3A%22unknown%22%2C%22page_info%22%3A%7B%22url%22%3A%22https%3A%2F%2Ftask-management-rag-47lzugx.svc.aped-4627-b74a.pinecone.io%2Fquery%22%7D%7D"}\n', 'timestamp': '2026-03-04T23:18:36.840142'}

[2/5]
Expected routing: STRUCTURED

======================================================================
[TEST] Testing STRUCTURED (TIMELINE query - should route to structured DB) Query
======================================================================
[QUERY] What are the latest UI guidelines for form validation?

[OK] Input validation passed for query: What are the latest UI guidelines for form validat...
-> Classifying query intent...
[OK] Query classified as: STRUCTURED (Query classification)
-> Expanding query: What are the latest UI guidelines for form validat...
[OK] Query expansion completed
-> [STRUCTURED] Retrieving entities for: "Seeking the most recent UI standards for form val...
[FAILED] [STRUCTURED] No items matched the generated filter
[FAILED] [STRUCTURED] No results found (attempt 1)
-> Attempting query refinement (attempt 2)...
  Trying variation: Simplify: What are the latest UI guidelines for fo...
Retrieval error: (418)
Reason: Blocked by NetFree
HTTP response headers: HTTPHeaderDict({'Content-Type': 'text/html; charset=utf-8', 'Content-Length': '217'})
HTTP response body: {"blockByNetFree":true,"blockUrl":"//netfree.link/block/#%7B%22block%22%3A%22unknown%22%2C%22page_info%22%3A%7B%22url%22%3A%22https%3A%2F%2Ftask-management-rag-47lzugx.svc.aped-4627-b74a.pinecone.io%2Fquery%22%7D%7D"}

[FAILED] Refinement error: (418)
Reason: Blocked by NetFree
HTTP response headers: HTTPHeaderDict({'Content-Type': 'text/html; charset=utf-8', 'Content-Length': '217'})
HTTP response body: {"blockByNetFree":true,"blockUrl":"//netfree.link/block/#%7B%22block%22%3A%22unknown%22%2C%22page_info%22%3A%7B%22url%22%3A%22https%3A%2F%2Ftask-management-rag-47lzugx.svc.aped-4627-b74a.pinecone.io%2Fquery%22%7D%7D"}

-> Handling error: retrieval_error in RetrievalStep (Refinement)
[FAILED] Error occurred
Error: Unable to search the knowledge base. Please try a simpler query or rephrase your question.
Metadata: {'error_type': 'retrieval_error', 'error_details': '(418)\nReason: Blocked by NetFree\nHTTP response headers: HTTPHeaderDict({\'Content-Type\': \'text/html; charset=utf-8\', \'Content-Length\': \'217\'})\nHTTP response body: {"blockByNetFree":true,"blockUrl":"//netfree.link/block/#%7B%22block%22%3A%22unknown%22%2C%22page_info%22%3A%7B%22url%22%3A%22https%3A%2F%2Ftask-management-rag-47lzugx.svc.aped-4627-b74a.pinecone.io%2Fquery%22%7D%7D"}\n', 'timestamp': '2026-03-04T23:18:52.506682'}

[3/5]
Expected routing: SEMANTIC

======================================================================
[TEST] Testing SEMANTIC (General info query - should route to vector search) Query
======================================================================
[QUERY] Tell me about the system architecture and design philosophy

[OK] Input validation passed for query: Tell me about the system architecture and design p...
-> Classifying query intent...
[OK] Query classified as: STRUCTURED (Query classification)
-> Expanding query: Tell me about the system architecture and design p...
[OK] Query expansion completed
-> [STRUCTURED] Retrieving entities for: "What is the underlying system architecture and it...
[FAILED] [STRUCTURED] No items matched the generated filter
[FAILED] [STRUCTURED] No results found (attempt 1)
-> Attempting query refinement (attempt 2)...
  Trying variation: Simplify: Tell me about the system architecture an...
Retrieval error: (418)
Reason: Blocked by NetFree
HTTP response headers: HTTPHeaderDict({'Content-Type': 'text/html; charset=utf-8', 'Content-Length': '217'})
HTTP response body: {"blockByNetFree":true,"blockUrl":"//netfree.link/block/#%7B%22block%22%3A%22unknown%22%2C%22page_info%22%3A%7B%22url%22%3A%22https%3A%2F%2Ftask-management-rag-47lzugx.svc.aped-4627-b74a.pinecone.io%2Fquery%22%7D%7D"}

[FAILED] Refinement error: (418)
Reason: Blocked by NetFree
HTTP response headers: HTTPHeaderDict({'Content-Type': 'text/html; charset=utf-8', 'Content-Length': '217'})
HTTP response body: {"blockByNetFree":true,"blockUrl":"//netfree.link/block/#%7B%22block%22%3A%22unknown%22%2C%22page_info%22%3A%7B%22url%22%3A%22https%3A%2F%2Ftask-management-rag-47lzugx.svc.aped-4627-b74a.pinecone.io%2Fquery%22%7D%7D"}

-> Handling error: retrieval_error in RetrievalStep (Refinement)
[FAILED] Error occurred
Error: Unable to search the knowledge base. Please try a simpler query or rephrase your question.
Metadata: {'error_type': 'retrieval_error', 'error_details': '(418)\nReason: Blocked by NetFree\nHTTP response headers: HTTPHeaderDict({\'Content-Type\': \'text/html; charset=utf-8\', \'Content-Length\': \'217\'})\nHTTP response body: {"blockByNetFree":true,"blockUrl":"//netfree.link/block/#%7B%22block%22%3A%22unknown%22%2C%22page_info%22%3A%7B%22url%22%3A%22https%3A%2F%2Ftask-management-rag-47lzugx.svc.aped-4627-b74a.pinecone.io%2Fquery%22%7D%7D"}\n', 'timestamp': '2026-03-04T23:19:07.694367'}

[4/5]
Expected routing: STRUCTURED

======================================================================
[TEST] Testing STRUCTURED (LIST query - should route to structured DB) Query
======================================================================
[QUERY] What are the system requirements for production deployment?

[OK] Input validation passed for query: What are the system requirements for production de...
-> Classifying query intent...
[OK] Query classified as: STRUCTURED (Query classification)
-> Expanding query: What are the system requirements for production de...
[OK] Query expansion completed
-> [STRUCTURED] Retrieving entities for: "What are the essential technical specifications a...
[FAILED] [STRUCTURED] No items matched the generated filter
[FAILED] [STRUCTURED] No results found (attempt 1)
-> Attempting query refinement (attempt 2)...
  Trying variation: Simplify: What are the system requirements for pro...
Retrieval error: (418)
Reason: Blocked by NetFree
HTTP response headers: HTTPHeaderDict({'Content-Type': 'text/html; charset=utf-8', 'Content-Length': '217'})
HTTP response body: {"blockByNetFree":true,"blockUrl":"//netfree.link/block/#%7B%22block%22%3A%22unknown%22%2C%22page_info%22%3A%7B%22url%22%3A%22https%3A%2F%2Ftask-management-rag-47lzugx.svc.aped-4627-b74a.pinecone.io%2Fquery%22%7D%7D"}

[FAILED] Refinement error: (418)
Reason: Blocked by NetFree
HTTP response headers: HTTPHeaderDict({'Content-Type': 'text/html; charset=utf-8', 'Content-Length': '217'})
HTTP response body: {"blockByNetFree":true,"blockUrl":"//netfree.link/block/#%7B%22block%22%3A%22unknown%22%2C%22page_info%22%3A%7B%22url%22%3A%22https%3A%2F%2Ftask-management-rag-47lzugx.svc.aped-4627-b74a.pinecone.io%2Fquery%22%7D%7D"}

-> Handling error: retrieval_error in RetrievalStep (Refinement)
[FAILED] Error occurred
Error: Unable to search the knowledge base. Please try a simpler query or rephrase your question.
Metadata: {'error_type': 'retrieval_error', 'error_details': '(418)\nReason: Blocked by NetFree\nHTTP response headers: HTTPHeaderDict({\'Content-Type\': \'text/html; charset=utf-8\', \'Content-Length\': \'217\'})\nHTTP response body: {"blockByNetFree":true,"blockUrl":"//netfree.link/block/#%7B%22block%22%3A%22unknown%22%2C%22page_info%22%3A%7B%22url%22%3A%22https%3A%2F%2Ftask-management-rag-47lzugx.svc.aped-4627-b74a.pinecone.io%2Fquery%22%7D%7D"}\n', 'timestamp': '2026-03-04T23:19:15.546201'}

[5/5]
Expected routing: SEMANTIC

======================================================================
[TEST] Testing SEMANTIC (Advice query - should route to vector search) Query
======================================================================
[QUERY] How should I handle error cases in the UI? Give recommendations.

[OK] Input validation passed for query: How should I handle error cases in the UI? Give re...
-> Classifying query intent...
[OK] Query classified as: STRUCTURED (Query classification)
-> Expanding query: How should I handle error cases in the UI? Give re...
[OK] Query expansion completed
-> [STRUCTURED] Retrieving entities for: "What are effective strategies for managing error ...
[FAILED] [STRUCTURED] No items matched the generated filter
[FAILED] [STRUCTURED] No results found (attempt 1)
-> Attempting query refinement (attempt 2)...
  Trying variation: Simplify: How should I handle error cases in the U...
Retrieval error: (418)
Reason: Blocked by NetFree
HTTP response headers: HTTPHeaderDict({'Content-Type': 'text/html; charset=utf-8', 'Content-Length': '217'})
HTTP response body: {"blockByNetFree":true,"blockUrl":"//netfree.link/block/#%7B%22block%22%3A%22unknown%22%2C%22page_info%22%3A%7B%22url%22%3A%22https%3A%2F%2Ftask-management-rag-47lzugx.svc.aped-4627-b74a.pinecone.io%2Fquery%22%7D%7D"}

[FAILED] Refinement error: (418)
Reason: Blocked by NetFree
HTTP response headers: HTTPHeaderDict({'Content-Type': 'text/html; charset=utf-8', 'Content-Length': '217'})
HTTP response body: {"blockByNetFree":true,"blockUrl":"//netfree.link/block/#%7B%22block%22%3A%22unknown%22%2C%22page_info%22%3A%7B%22url%22%3A%22https%3A%2F%2Ftask-management-rag-47lzugx.svc.aped-4627-b74a.pinecone.io%2Fquery%22%7D%7D"}

-> Handling error: retrieval_error in RetrievalStep (Refinement)
[FAILED] Error occurred
Error: Unable to search the knowledge base. Please try a simpler query or rephrase your question.
Metadata: {'error_type': 'retrieval_error', 'error_details': '(418)\nReason: Blocked by NetFree\nHTTP response headers: HTTPHeaderDict({\'Content-Type\': \'text/html; charset=utf-8\', \'Content-Length\': \'217\'})\nHTTP response body: {"blockByNetFree":true,"blockUrl":"//netfree.link/block/#%7B%22block%22%3A%22unknown%22%2C%22page_info%22%3A%7B%22url%22%3A%22https%3A%2F%2Ftask-management-rag-47lzugx.svc.aped-4627-b74a.pinecone.io%2Fquery%22%7D%7D"}\n', 'timestamp': '2026-03-04T23:19:27.994523'}

======================================================================
[COMPLETE] Hybrid Routing Tests Finished!
======================================================================

[SUMMARY]
- QueryClassificationStep analyzed each query intent
- Queries were routed to SEMANTIC retrieval (Pinecone) or STRUCTURED retrieval (JSON DB)
- ResponseGenerationStep unified results from both pathways
- Metadata includes 'retrieval_method' field to track which path was used

[KEY OBSERVATIONS]
1. STRUCTURED queries (LIST, TIMELINE) route to structured_db.json for precise results
2. SEMANTIC queries (general, advice) route to Pinecone for rich, contextual results
3. Metadata clearly indicates which retrieval method was used
4. Confidence scores apply to both paths

[NEXT STEPS]
1. Review structured_db.json to verify extracted entities
2. Run production-grade tests with actual API keys
3. Analyze performance differences between retrieval methods
4. Optimize query classification thresholds if needed
    
